97254@Rafa-computer MINGW64 /c
$ cd sony_project

97254@Rafa-computer MINGW64 /c/sony_project
$ cd java

97254@Rafa-computer MINGW64 /c/sony_project/java
$ mkdir hello_java

97254@Rafa-computer MINGW64 /c/sony_project/java
$ cd hello_java

97254@Rafa-computer MINGW64 /c/sony_project/java/hello_java
$ touch hello_world.java


97254@Rafa-computer MINGW64 /c/sony_project/java/hello_java
$ vi hello_world.java

class HelloWorld {
    public static void main(String[] args) {
        System.out.println("Hello, World!"); 
    }
}
:wq


97254@Rafa-computer MINGW64 /c/sony_project/java/hello_java
$ javac hellp_world.java
bash: javac: command not found

97254@Rafa-computer MINGW64 /c/sony_project/java/hello_java
$ ls
hello_world.java

97254@Rafa-computer MINGW64 /c/sony_project/java/hello_java
$ javac hello_world
bash: javac: command not found

97254@Rafa-computer MINGW64 /c/sony_project/java/hello_java
$ java hello_world
Error: Could not find or load main class hello_world

97254@Rafa-computer MINGW64 /c/sony_project/java/hello_java
$ java hello_world.java
Error: Could not find or load main class hello_world.java

97254@Rafa-computer MINGW64 /c/sony_project/java/hello_java
$ java hello_world
Error: Could not find or load main class hello_world

97254@Rafa-computer MINGW64 /c/sony_project/java/hello_java
$ cd ..

97254@Rafa-computer MINGW64 /c/sony_project/java
$ java hello_world
Error: Could not find or load main class hello_world

97254@Rafa-computer MINGW64 /c/sony_project/java
$ javac hello_world.java
bash: javac: command not found

97254@Rafa-computer MINGW64 /c/sony_project/java
$ java -cp
Error: -cp requires class path specification
Usage: java [-options] class [args...]
           (to execute a class)
   or  java [-options] -jar jarfile [args...]
           (to execute a jar file)
where options include:
    -d32          use a 32-bit data model if available
    -d64          use a 64-bit data model if available
    -server       to select the "server" VM
                  The default VM is server.

    -cp <class search path of directories and zip/jar files>
    -classpath <class search path of directories and zip/jar files>
                  A ; separated list of directories, JAR archives,
                  and ZIP archives to search for class files.
    -D<name>=<value>
                  set a system property
    -verbose:[class|gc|jni]
                  enable verbose output
    -version      print product version and exit
    -version:<value>
                  Warning: this feature is deprecated and will be removed
                  in a future release.
                  require the specified version to run
    -showversion  print product version and continue
    -jre-restrict-search | -no-jre-restrict-search
                  Warning: this feature is deprecated and will be removed
                  in a future release.
                  include/exclude user private JREs in the version search
    -? -help      print this help message
    -X            print help on non-standard options
    -ea[:<packagename>...|:<classname>]
    -enableassertions[:<packagename>...|:<classname>]
                  enable assertions with specified granularity
    -da[:<packagename>...|:<classname>]
    -disableassertions[:<packagename>...|:<classname>]
                  disable assertions with specified granularity
    -esa | -enablesystemassertions
                  enable system assertions
    -dsa | -disablesystemassertions
                  disable system assertions
    -agentlib:<libname>[=<options>]
                  load native agent library <libname>, e.g. -agentlib:hprof
                  see also, -agentlib:jdwp=help and -agentlib:hprof=help
    -agentpath:<pathname>[=<options>]
                  load native agent library by full pathname
    -javaagent:<jarpath>[=<options>]
                  load Java programming language agent, see java.lang.instrument
    -splash:<imagepath>
                  show splash screen with specified image
See http://www.oracle.com/technetwork/java/javase/documentation/index.html for more details.

97254@Rafa-computer MINGW64 /c/sony_project/java
$ -classpath
bash: -classpath: command not found

97254@Rafa-computer MINGW64 /c/sony_project/java
$ - classpath
bash: -: command not found

97254@Rafa-computer MINGW64 /c/sony_project/java
$ -cp
bash: -cp: command not found

97254@Rafa-computer MINGW64 /c/sony_project/java
$ -cp
bash: -cp: command not found

97254@Rafa-computer MINGW64 /c/sony_project/java
$ javac hello_world.java
bash: javac: command not found

97254@Rafa-computer MINGW64 /c/sony_project/java
$ java hello_world
Error: Could not find or load main class hello_world

97254@Rafa-computer MINGW64 /c/sony_project/java
$ ls
'New Text Document.txt'   hello_world_java_new/
 hello.java               java_steps.txt
 hello_java/              new_hello.java
 hello_world_java/

97254@Rafa-computer MINGW64 /c/sony_project/java
$ cd hello_java

97254@Rafa-computer MINGW64 /c/sony_project/java/hello_java
$ ls
hello_world.java

97254@Rafa-computer MINGW64 /c/sony_project/java/hello_java
$ java hello_world
Error: Could not find or load main class hello_world

97254@Rafa-computer MINGW64 /c/sony_project/java/hello_java
$ - cp
bash: -: command not found

97254@Rafa-computer MINGW64 /c/sony_project/java/hello_java
$ -cp
bash: -cp: command not found

97254@Rafa-computer MINGW64 /c/sony_project/java/hello_java
$ java hello_world
Error: Could not find or load main class hello_world

97254@Rafa-computer MINGW64 /c/sony_project/java/hello_java
$ javac hello_world.java
bash: javac: command not found

97254@Rafa-computer MINGW64 /c/sony_project/java/hello_java
$ ^[[200~C:\Sony_Project\java\hello_java\
>
bash: $'\E[200~C:Sony_Projectjavahello_java': command not found

97254@Rafa-computer MINGW64 /c/sony_project/java/hello_java
$ ^[[200~C:\Sony_Project\java\hello_java\jre1.8.0_321\bin\javac hello_world.java
bash: $'\E[200~C:Sony_Projectjavahello_javajre1.8.0_321binjavac': command not found

97254@Rafa-computer MINGW64 /c/sony_project/java/hello_java
$ C:\Sony_Project\java\hello_java\jre1.8.0_321\bin\javac hello_world.java
bash: C:Sony_Projectjavahello_javajre1.8.0_321binjavac: command not found

